

[TOC]


## JVM

### GC

1. 查看GC回收器类型

```
java -XX:+PrintCommandLineFlags -version
```

```
-XX:InitialHeapSize=67108864 -XX:MaxHeapSize=1073741824 -XX:+PrintCommandLineFlags -XX:+UseCompressedClassPointers -XX:+UseCompressedOops -XX:+UseParallelGC 
java version "1.8.0_131"
Java(TM) SE Runtime Environment (build 1.8.0_131-b11)
Java HotSpot(TM) 64-Bit Server VM (build 25.131-b11, mixed mode)
```

2. 查看详细信息

```
java -XX:+PrintGCDetails -version
```

```
java version "1.8.0_131"
Java(TM) SE Runtime Environment (build 1.8.0_131-b11)
Java HotSpot(TM) 64-Bit Server VM (build 25.131-b11, mixed mode)
Heap
 PSYoungGen      total 18944K, used 983K [0x00000000eab00000, 0x00000000ec000000, 0x0000000100000000)
  eden space 16384K, 6% used [0x00000000eab00000,0x00000000eabf5dc8,0x00000000ebb00000)
  from space 2560K, 0% used [0x00000000ebd80000,0x00000000ebd80000,0x00000000ec000000)
  to   space 2560K, 0% used [0x00000000ebb00000,0x00000000ebb00000,0x00000000ebd80000)
 ParOldGen       total 44032K, used 0K [0x00000000c0000000, 0x00000000c2b00000, 0x00000000eab00000)
  object space 44032K, 0% used [0x00000000c0000000,0x00000000c0000000,0x00000000c2b00000)
 Metaspace       used 2226K, capacity 4480K, committed 4480K, reserved 1056768K
  class space    used 243K, capacity 384K, committed 384K, reserved 1048576K
```

3. jmap

```
jmap -heap 1
```



```

Attaching to process ID 1, please wait...
Debugger attached successfully.
Server compiler detected.
JVM version is 25.131-b11

using thread-local object allocation.
Parallel GC with 13 thread(s)

Heap Configuration:
   MinHeapFreeRatio         = 0
   MaxHeapFreeRatio         = 100
   MaxHeapSize              = 4194304000 (4000.0MB)
   NewSize                  = 1397751808 (1333.0MB)
   MaxNewSize               = 1397751808 (1333.0MB)
   OldSize                  = 2796552192 (2667.0MB)
   NewRatio                 = 2
   SurvivorRatio            = 8
   MetaspaceSize            = 21807104 (20.796875MB)
   CompressedClassSpaceSize = 1073741824 (1024.0MB)
   MaxMetaspaceSize         = 17592186044415 MB
   G1HeapRegionSize         = 0 (0.0MB)

Heap Usage:
PS Young Generation
Eden Space:
   capacity = 1393557504 (1329.0MB)
   used     = 1026798680 (979.2315292358398MB)
   free     = 366758824 (349.76847076416016MB)
   73.68183064227539% used
From Space:
   capacity = 2097152 (2.0MB)
   used     = 1523792 (1.4532012939453125MB)
   free     = 573360 (0.5467987060546875MB)
   72.66006469726562% used
To Space:
   capacity = 2097152 (2.0MB)
   used     = 0 (0.0MB)
   free     = 2097152 (2.0MB)
   0.0% used
PS Old Generation
   capacity = 2796552192 (2667.0MB)
   used     = 98879216 (94.29856872558594MB)
   free     = 2697672976 (2572.701431274414MB)
   3.5357543579147332% used

34720 interned Strings occupying 3367832 bytes.
```





```
jinfo -flags 1
Attaching to process ID 1, please wait...
Debugger attached successfully.
Server compiler detected.
JVM version is 25.131-b11
Non-default VM flags: -XX:CICompilerCount=12 -XX:InitialHeapSize=4194304000 -XX:MaxHeapSize=4194304000 -XX:MaxNewSize=1397751808 -XX:MinHeapDeltaBytes=524288 -XX:NewSize=1397751808 -XX:OldSize=2796552192 -XX:ThreadStackSize=256 -XX:+UseCompressedClassPointers -XX:+UseCompressedOops -XX:+UseFastUnorderedTimeStamps -XX:+UseParallelGC 
Command line:  -Dfile.encoding=UTF8 -Duser.timezone=GMT+08 -Xms4000m -Xmx4000m -Xss256K

```



## java8 新特性

### 1.接口默认方法

java8 允许我们给接口添加一个非抽象的方法实现，使用default关键字即可

